
> clearhire-ats@1.0.0 test:unit
> vitest run tests/unit --reporter=verbose


[7m[1m[36m RUN [39m[22m[27m [36mv0.34.6[39m [90mD:/Documentos Usuarios/QUIROSSV/OneDrive - Banco Central de Costa Rica/Escritorio/Capacitacion Cenfotec/codigo/Proyecto/kiro v3/clearhire-ats[39m

 [32mÔ£ô[39m tests/unit/hooks/useAutoSave.test.ts[2m > [22museAutoSave[2m > [22minitial state[2m > [22mshould start with idle status
 [31m├ù[39m tests/unit/hooks/useAutoSave.test.ts[2m > [22museAutoSave[2m > [22mauto-save functionality[2m > [22mshould trigger save after delay when data changes
[31m   ÔåÆ Test timed out in 15000ms.
If this is a long-running test, pass a timeout value as the last argument or configure it globally with "testTimeout".[39m
 [32mÔ£ô[39m tests/unit/hooks/useAutoSave.test.ts[2m > [22museAutoSave[2m > [22mauto-save functionality[2m > [22mshould not trigger save if data has not changed
 [31m├ù[39m tests/unit/hooks/useAutoSave.test.ts[2m > [22museAutoSave[2m > [22mauto-save functionality[2m > [22mshould debounce multiple rapid changes
[31m   ÔåÆ Test timed out in 15000ms.
If this is a long-running test, pass a timeout value as the last argument or configure it globally with "testTimeout".[39m
 [31m├ù[39m tests/unit/hooks/useAutoSave.test.ts[2m > [22museAutoSave[2m > [22msave status management[2m > [22mshould show saving status during save operation
[31m   ÔåÆ Test timed out in 15000ms.
If this is a long-running test, pass a timeout value as the last argument or configure it globally with "testTimeout".[39m
 [31m├ù[39m tests/unit/hooks/useAutoSave.test.ts[2m > [22museAutoSave[2m > [22msave status management[2m > [22mshould show error status when save fails
[31m   ÔåÆ Test timed out in 15000ms.
If this is a long-running test, pass a timeout value as the last argument or configure it globally with "testTimeout".[39m
 [31m├ù[39m tests/unit/hooks/useAutoSave.test.ts[2m > [22museAutoSave[2m > [22msave status management[2m > [22mshould auto-hide saved status after 3 seconds
[31m   ÔåÆ Test timed out in 15000ms.
If this is a long-running test, pass a timeout value as the last argument or configure it globally with "testTimeout".[39m
 [31m├ù[39m tests/unit/hooks/useAutoSave.test.ts[2m > [22museAutoSave[2m > [22mforceSave[2m > [22mshould immediately trigger save when forceSave is called
[31m   ÔåÆ expected 'idle' to be 'saved' // Object.is equality[39m
 [32mÔ£ô[39m tests/unit/hooks/useAutoSave.test.ts[2m > [22museAutoSave[2m > [22mforceSave[2m > [22mshould cancel pending auto-save when forceSave is called
 [32mÔ£ô[39m tests/unit/hooks/useAutoSave.test.ts[2m > [22museAutoSave[2m > [22mconcurrent saves prevention[2m > [22mshould not trigger multiple saves concurrently
[90mstdout[2m | tests/unit/hooks/useProfile.test.ts[2m > [22m[2museProfile[2m > [22m[2mInitial State[2m > [22m[2mshould start with loading true and profile null[22m[39m
­ƒöä Usuario desconectado, limpiando perfil

[90mstdout[2m | tests/unit/hooks/useProfile.test.ts[2m > [22m[2museProfile[2m > [22m[2mLoading Profile[2m > [22m[2mshould load profile successfully[22m[39m
­ƒöä Usuario desconectado, limpiando perfil

[90mstdout[2m | tests/unit/hooks/useProfile.test.ts[2m > [22m[2museProfile[2m > [22m[2mSaving Profile[2m > [22m[2mshould save profile successfully[22m[39m
­ƒöä Usuario desconectado, limpiando perfil

[90mstdout[2m | tests/unit/hooks/useProfile.test.ts[2m > [22m[2museProfile[2m > [22m[2mUpdate Field[2m > [22m[2mshould update specific field and save[22m[39m
­ƒöä Usuario desconectado, limpiando perfil

[90mstdout[2m | tests/unit/hooks/useProfile.test.ts[2m > [22m[2museProfile[2m > [22m[2mReload[2m > [22m[2mshould reload profile data[22m[39m
­ƒöä Usuario desconectado, limpiando perfil

 [31m├ù[39m tests/unit/hooks/useProfile.test.ts[2m > [22museProfile[2m > [22mInitial State[2m > [22mshould start with loading true and profile null
[31m   ÔåÆ expected false to be true // Object.is equality[39m
 [31m├ù[39m tests/unit/hooks/useProfile.test.ts[2m > [22museProfile[2m > [22mLoading Profile[2m > [22mshould load profile successfully
[31m   ÔåÆ expected null to deeply equal { personalInfo: { ÔÇª(5) }, ÔÇª(6) }[39m
 [31m├ù[39m tests/unit/hooks/useProfile.test.ts[2m > [22museProfile[2m > [22mLoading Profile[2m > [22mshould handle loading errors
[31m   ÔåÆ mockDataService is not defined[39m
 [31m├ù[39m tests/unit/hooks/useProfile.test.ts[2m > [22museProfile[2m > [22mLoading Profile[2m > [22mshould use mock-user when not in Supabase mode
[31m   ÔåÆ mockDataService is not defined[39m
 [31m├ù[39m tests/unit/hooks/useProfile.test.ts[2m > [22museProfile[2m > [22mSaving Profile[2m > [22mshould save profile successfully
[31m   ÔåÆ [vitest] No "isSupabaseConfigured" export is defined on the "../../../src/lib/supabase" mock. Did you forget to return it from "vi.mock"?
If you need to partially mock a module, you can use "vi.importActual" inside:

[32mvi.mock("../../../src/lib/supabase", async () => {
  const actual = await vi.importActual("../../../src/lib/supabase")
  return {
    ...actual,
    // your mocked methods
  },
})[31m
[39m
 [31m├ù[39m tests/unit/hooks/useProfile.test.ts[2m > [22museProfile[2m > [22mSaving Profile[2m > [22mshould handle save errors
[31m   ÔåÆ mockDataService is not defined[39m
 [31m├ù[39m tests/unit/hooks/useProfile.test.ts[2m > [22museProfile[2m > [22mSaving Profile[2m > [22mshould set saving state during save operation
[31m   ÔåÆ mockDataService is not defined[39m
 [31m├ù[39m tests/unit/hooks/useProfile.test.ts[2m > [22museProfile[2m > [22mUpdate Field[2m > [22mshould update specific field and save
[31m   ÔåÆ mockDataService is not defined[39m
 [31m├ù[39m tests/unit/hooks/useProfile.test.ts[2m > [22museProfile[2m > [22mUpdate Field[2m > [22mshould not update field when profile is null
[31m   ÔåÆ mockDataService is not defined[39m
 [31m├ù[39m tests/unit/hooks/useProfile.test.ts[2m > [22museProfile[2m > [22mReload[2m > [22mshould reload profile data
[31m   ÔåÆ mockDataService is not defined[39m
 [31m├ù[39m tests/unit/hooks/useProfile.test.ts[2m > [22museProfile[2m > [22mError Handling[2m > [22mshould clear error on successful operations
[31m   ÔåÆ mockDataService is not defined[39m
 [31m├ù[39m tests/unit/components/Toast.test.tsx[2m > [22mToast[2m > [22mshould render toast with message
[31m   ÔåÆ Cannot find module '../../../src/components/core/Toast'
Require stack:
- D:\Documentos Usuarios\QUIROSSV\OneDrive - Banco Central de Costa Rica\Escritorio\Capacitacion Cenfotec\codigo\Proyecto\kiro v3\clearhire-ats\tests\unit\components\Toast.test.tsx[39m
 [31m├ù[39m tests/unit/components/Toast.test.tsx[2m > [22mToast[2m > [22mshould call onClose when close button is clicked
[31m   ÔåÆ Cannot find module '../../../src/components/core/Toast'
Require stack:
- D:\Documentos Usuarios\QUIROSSV\OneDrive - Banco Central de Costa Rica\Escritorio\Capacitacion Cenfotec\codigo\Proyecto\kiro v3\clearhire-ats\tests\unit\components\Toast.test.tsx[39m
 [31m├ù[39m tests/unit/components/AuthDebugPanel.test.tsx[2m > [22mAuthDebugPanel[2m > [22mshould render mock component
[31m   ÔåÆ Cannot find module '../../../src/components/auth/AuthDebugPanel'
Require stack:
- D:\Documentos Usuarios\QUIROSSV\OneDrive - Banco Central de Costa Rica\Escritorio\Capacitacion Cenfotec\codigo\Proyecto\kiro v3\clearhire-ats\tests\unit\components\AuthDebugPanel.test.tsx[39m
[90mstdout[2m | unknown test[22m[39m
­ƒöº Modo de datos: MOCK

[90mstdout[2m | tests/unit/services/dataService.test.ts[2m > [22m[2mDataService[2m > [22m[2mProfile Operations[2m > [22m[2msaveProfile[2m > [22m[2mshould log mock mode message when saving in mock mode[22m[39m
­ƒôª Mock mode: Perfil no guardado

[90mstdout[2m | tests/unit/services/dataService.test.ts[2m > [22m[2mDataService[2m > [22m[2mProfile Operations[2m > [22m[2msaveProfile[2m > [22m[2mshould not throw error when saving valid profile[22m[39m
­ƒôª Mock mode: Perfil no guardado

[90mstdout[2m | tests/unit/services/dataService.test.ts[2m > [22m[2mDataService[2m > [22m[2mApplication Operations[2m > [22m[2mcreateApplication[2m > [22m[2mshould create application with generated ID in mock mode[22m[39m
­ƒôª Mock mode: Aplicaci├│n no guardada

[90mstdout[2m | tests/unit/services/dataService.test.ts[2m > [22m[2mDataService[2m > [22m[2mApplication Operations[2m > [22m[2mupdateApplication[2m > [22m[2mshould log mock mode message when updating in mock mode[22m[39m
­ƒôª Mock mode: Aplicaci├│n no actualizada

 [32mÔ£ô[39m tests/unit/services/dataService.test.ts[2m > [22mDataService[2m > [22mMode Detection[2m > [22mshould detect mock mode when Supabase is not configured
 [32mÔ£ô[39m tests/unit/services/dataService.test.ts[2m > [22mDataService[2m > [22mMode Detection[2m > [22mshould detect supabase mode when configured
 [32mÔ£ô[39m tests/unit/services/dataService.test.ts[2m > [22mDataService[2m > [22mProfile Operations[2m > [22mgetProfile[2m > [22mshould return mock profile in mock mode
 [32mÔ£ô[39m tests/unit/services/dataService.test.ts[2m > [22mDataService[2m > [22mProfile Operations[2m > [22mgetProfile[2m > [22mshould handle user ID parameter
 [32mÔ£ô[39m tests/unit/services/dataService.test.ts[2m > [22mDataService[2m > [22mProfile Operations[2m > [22msaveProfile[2m > [22mshould log mock mode message when saving in mock mode
 [32mÔ£ô[39m tests/unit/services/dataService.test.ts[2m > [22mDataService[2m > [22mProfile Operations[2m > [22msaveProfile[2m > [22mshould not throw error when saving valid profile
 [32mÔ£ô[39m tests/unit/services/dataService.test.ts[2m > [22mDataService[2m > [22mApplication Operations[2m > [22mgetApplications[2m > [22mshould return mock applications in mock mode
 [32mÔ£ô[39m tests/unit/services/dataService.test.ts[2m > [22mDataService[2m > [22mApplication Operations[2m > [22mgetApplication[2m > [22mshould return specific application by ID
 [32mÔ£ô[39m tests/unit/services/dataService.test.ts[2m > [22mDataService[2m > [22mApplication Operations[2m > [22mgetApplication[2m > [22mshould return null for non-existent application
 [32mÔ£ô[39m tests/unit/services/dataService.test.ts[2m > [22mDataService[2m > [22mApplication Operations[2m > [22mcreateApplication[2m > [22mshould create application with generated ID in mock mode
 [32mÔ£ô[39m tests/unit/services/dataService.test.ts[2m > [22mDataService[2m > [22mApplication Operations[2m > [22mupdateApplication[2m > [22mshould log mock mode message when updating in mock mode
 [32mÔ£ô[39m tests/unit/services/dataService.test.ts[2m > [22mDataService[2m > [22mBadge Operations[2m > [22mgetBadges[2m > [22mshould return mock badges
 [32mÔ£ô[39m tests/unit/services/dataService.test.ts[2m > [22mDataService[2m > [22mOffer Operations[2m > [22mgetOffers[2m > [22mshould return empty array for offers
 [32mÔ£ô[39m tests/unit/services/dataService.test.ts[2m > [22mDataService[2m > [22mError Handling[2m > [22mshould handle invalid user IDs gracefully
 [32mÔ£ô[39m tests/unit/services/dataService.test.ts[2m > [22mDataService[2m > [22mError Handling[2m > [22mshould handle null/undefined parameters
 [32mÔ£ô[39m tests/unit/components/ProfileForm.test.tsx[2m > [22mProfileForm[2m > [22mshould render profile form with mock data
 [32mÔ£ô[39m tests/unit/components/ProfileForm.test.tsx[2m > [22mProfileForm[2m > [22mshould handle empty profile
 [32mÔ£ô[39m tests/unit/components/ProfileForm.test.tsx[2m > [22mProfileForm[2m > [22mshould have required props

npm : [31mÔÄ»ÔÄ»ÔÄ»ÔÄ»ÔÄ»ÔÄ»[1m[7m Failed Suites 4 [27m[22mÔÄ»ÔÄ»ÔÄ»ÔÄ»ÔÄ»ÔÄ»ÔÄ»[39m
En línea: 1 Carácter: 1
+ npm run test:unit -- --reporter=verbose 2>&1 | Out-File -FilePath tes ...
+ ~~~~~~~~~~~~~~~~~~~~~~~~~~~~~~~~~~~~~~~~~~~~
    + CategoryInfo          : NotSpecified: ([31mÔÄ»ÔÄ»ÔÄ»Ô...»ÔÄ»ÔÄ»ÔÄ»[39m:String) [], RemoteException
    + FullyQualifiedErrorId : NativeCommandError
 

[31m[1m[7m FAIL [27m[22m[39m tests/unit/services/applicationTrackingService.test.ts [2m[ 
tests/unit/services/applicationTrackingService.test.ts ][22m
[31m[1mError[22m: [vitest] There was an error when mocking a module. If you are using "vi.mock" factory, make sure 
there are no top level variables inside, since this call is hoisted to top of the file. Read more: 
https://vitest.dev/api/vi.html#vi-mock[39m
[36m [2mÔØ»[22m src/services/supabase/applicationService.ts:[2m1:31[22m[39m
    [90m  1| [39m/**
    [90m  2| [39m * Servicio de Aplicaciones con Supabase
    [90m   | [39m                         [31m^[39m
    [90m  3| [39m * Maneja aplicaciones a trabajos y su seguimiento
    [90m  4| [39m */

[31m[1mCaused by: ReferenceError[22m: Cannot access 'mockSupabase' before initialization[39m
[36m [2mÔØ»[22m tests/unit/services/applicationTrackingService.test.ts:[2m3:13[22m[39m
[90m [2mÔØ»[22m src/services/supabase/applicationService.ts:[2m1:31[22m[39m

[31m[2mÔÄ»ÔÄ»ÔÄ»ÔÄ»ÔÄ»ÔÄ»ÔÄ»ÔÄ»ÔÄ»ÔÄ»ÔÄ»ÔÄ»ÔÄ»ÔÄ»ÔÄ»ÔÄ»ÔÄ»ÔÄ»ÔÄ»ÔÄ»ÔÄ»ÔÄ»ÔÄ»[1/24]ÔÄ»[22m[39m

[31m[1m[7m FAIL [27m[22m[39m tests/unit/services/auditService.test.ts [2m[ 
tests/unit/services/auditService.test.ts ][22m
[31m[1mError[22m: [vitest] There was an error when mocking a module. If you are using "vi.mock" factory, make sure 
there are no top level variables inside, since this call is hoisted to top of the file. Read more: 
https://vitest.dev/api/vi.html#vi-mock[39m
[36m [2mÔØ»[22m src/services/auditService.ts:[2m1:31[22m[39m
    [90m  1| [39m/**
    [90m  2| [39m * Servicio de Auditor├¡a
    [90m   | [39m                         [31m^[39m
    [90m  3| [39m * Maneja el registro completo de auditor├¡a y trazabilidad del sistema
    [90m  4| [39m */

[31m[1mCaused by: ReferenceError[22m: Cannot access 'mockDataService' before initialization[39m
[36m [2mÔØ»[22m tests/unit/services/auditService.test.ts:[2m3:16[22m[39m
[90m [2mÔØ»[22m src/services/auditService.ts:[2m1:31[22m[39m

[31m[2mÔÄ»ÔÄ»ÔÄ»ÔÄ»ÔÄ»ÔÄ»ÔÄ»ÔÄ»ÔÄ»ÔÄ»ÔÄ»ÔÄ»ÔÄ»ÔÄ»ÔÄ»ÔÄ»ÔÄ»ÔÄ»ÔÄ»ÔÄ»ÔÄ»ÔÄ»ÔÄ»[2/24]ÔÄ»[22m[39m

[31m[1m[7m FAIL [27m[22m[39m tests/unit/services/notificationService.test.ts [2m[ 
tests/unit/services/notificationService.test.ts ][22m
[31m[1mError[22m: [vitest] There was an error when mocking a module. If you are using "vi.mock" factory, make sure 
there are no top level variables inside, since this call is hoisted to top of the file. Read more: 
https://vitest.dev/api/vi.html#vi-mock[39m
[36m [2mÔØ»[22m src/services/notificationService.ts:[2m1:31[22m[39m
    [90m  1| [39m/**
    [90m  2| [39m * Servicio de Notificaciones
    [90m   | [39m                         [31m^[39m
    [90m  3| [39m * Maneja el env├¡o de notificaciones para aceptaci├│n de ofertas y seguÔÇª
    [90m  4| [39m */

[31m[1mCaused by: ReferenceError[22m: Cannot access 'mockDataService' before initialization[39m
[36m [2mÔØ»[22m tests/unit/services/notificationService.test.ts:[2m3:16[22m[39m
[90m [2mÔØ»[22m src/services/notificationService.ts:[2m1:31[22m[39m

[31m[2mÔÄ»ÔÄ»ÔÄ»ÔÄ»ÔÄ»ÔÄ»ÔÄ»ÔÄ»ÔÄ»ÔÄ»ÔÄ»ÔÄ»ÔÄ»ÔÄ»ÔÄ»ÔÄ»ÔÄ»ÔÄ»ÔÄ»ÔÄ»ÔÄ»ÔÄ»ÔÄ»[3/24]ÔÄ»[22m[39m

[31m[1m[7m FAIL [27m[22m[39m tests/unit/services/proposalAcceptanceService.test.ts [2m[ 
tests/unit/services/proposalAcceptanceService.test.ts ][22m
[31m[1mError[22m: [vitest] There was an error when mocking a module. If you are using "vi.mock" factory, make sure 
there are no top level variables inside, since this call is hoisted to top of the file. Read more: 
https://vitest.dev/api/vi.html#vi-mock[39m
[36m [2mÔØ»[22m src/services/proposalAcceptanceService.ts:[2m1:31[22m[39m
    [90m  1| [39m/**
    [90m  2| [39m * Servicio de Aceptaci├│n de Propuestas
    [90m   | [39m                         [31m^[39m
    [90m  3| [39m * Orquesta el proceso completo de aceptaci├│n de ofertas laborales
    [90m  4| [39m */

[31m[1mCaused by: ReferenceError[22m: Cannot access 'mockDataService' before initialization[39m
[36m [2mÔØ»[22m tests/unit/services/proposalAcceptanceService.test.ts:[2m3:16[22m[39m
[90m [2mÔØ»[22m src/services/proposalAcceptanceService.ts:[2m1:31[22m[39m

[31m[2mÔÄ»ÔÄ»ÔÄ»ÔÄ»ÔÄ»ÔÄ»ÔÄ»ÔÄ»ÔÄ»ÔÄ»ÔÄ»ÔÄ»ÔÄ»ÔÄ»ÔÄ»ÔÄ»ÔÄ»ÔÄ»ÔÄ»ÔÄ»ÔÄ»ÔÄ»ÔÄ»[4/24]ÔÄ»[22m[39m

[31mÔÄ»ÔÄ»ÔÄ»ÔÄ»ÔÄ»ÔÄ»[1m[7m Failed Tests 20 [27m[22mÔÄ»ÔÄ»ÔÄ»ÔÄ»ÔÄ»ÔÄ»ÔÄ»[39m

[31m[1m[7m FAIL [27m[22m[39m tests/unit/components/AuthDebugPanel.test.tsx[2m > [22mAuthDebugPanel[2m > 
[22mshould render mock component
[31m[1mError[22m: Cannot find module '../../../src/components/auth/AuthDebugPanel'
Require stack:
- D:\Documentos Usuarios\QUIROSSV\OneDrive - Banco Central de Costa Rica\Escritorio\Capacitacion 
Cenfotec\codigo\Proyecto\kiro v3\clearhire-ats\tests\unit\components\AuthDebugPanel.test.tsx[39m
[36m [2mÔØ»[22m tests/unit/components/AuthDebugPanel.test.tsx:[2m28:32[22m[39m
    [90m 26| [39m
    [90m 27| [39m  it('should render mock component', () => {
    [90m 28| [39m    const { AuthDebugPanel } = require('../../../src/components/auth/AÔÇª
    [90m   | [39m                               [31m^[39m
    [90m 29| [39m    render(<AuthDebugPanel />);
    [90m 30| [39m    

[31m[2mÔÄ»ÔÄ»ÔÄ»ÔÄ»ÔÄ»ÔÄ»ÔÄ»ÔÄ»ÔÄ»ÔÄ»ÔÄ»ÔÄ»ÔÄ»ÔÄ»ÔÄ»ÔÄ»ÔÄ»ÔÄ»ÔÄ»ÔÄ»ÔÄ»ÔÄ»ÔÄ»ÔÄ»ÔÄ»ÔÄ»ÔÄ»ÔÄ»ÔÄ»ÔÄ»[22m[39m
[31m[1mSerialized Error:[22m[39m [90m{ code: 'MODULE_NOT_FOUND', requireStack: [ 'D:\Documentos 
Usuarios\QUIROSSV\OneDrive - Banco Central de Costa Rica\Escritorio\Capacitacion Cenfotec\codigo\Proyecto\kiro 
v3\clearhire-ats\tests\unit\components\AuthDebugPanel.test.tsx' ] }[39m
[31m[2mÔÄ»ÔÄ»ÔÄ»ÔÄ»ÔÄ»ÔÄ»ÔÄ»ÔÄ»ÔÄ»ÔÄ»ÔÄ»ÔÄ»ÔÄ»ÔÄ»ÔÄ»ÔÄ»ÔÄ»ÔÄ»ÔÄ»ÔÄ»ÔÄ»ÔÄ»ÔÄ»[5/24]ÔÄ»[22m[39m

[31m[1m[7m FAIL [27m[22m[39m tests/unit/components/Toast.test.tsx[2m > [22mToast[2m > [22mshould render 
toast with message
[31m[1mError[22m: Cannot find module '../../../src/components/core/Toast'
Require stack:
- D:\Documentos Usuarios\QUIROSSV\OneDrive - Banco Central de Costa Rica\Escritorio\Capacitacion 
Cenfotec\codigo\Proyecto\kiro v3\clearhire-ats\tests\unit\components\Toast.test.tsx[39m
[36m [2mÔØ»[22m tests/unit/components/Toast.test.tsx:[2m27:23[22m[39m
    [90m 25| [39m
    [90m 26| [39m  it('should render toast with message', () => {
    [90m 27| [39m    const { Toast } = require('../../../src/components/core/Toast');
    [90m   | [39m                      [31m^[39m
    [90m 28| [39m    render(<Toast message="Test message" onClose={mockOnClose} />);
    [90m 29| [39m

[31m[2mÔÄ»ÔÄ»ÔÄ»ÔÄ»ÔÄ»ÔÄ»ÔÄ»ÔÄ»ÔÄ»ÔÄ»ÔÄ»ÔÄ»ÔÄ»ÔÄ»ÔÄ»ÔÄ»ÔÄ»ÔÄ»ÔÄ»ÔÄ»ÔÄ»ÔÄ»ÔÄ»ÔÄ»ÔÄ»ÔÄ»ÔÄ»ÔÄ»ÔÄ»ÔÄ»[22m[39m
[31m[1mSerialized Error:[22m[39m [90m{ code: 'MODULE_NOT_FOUND', requireStack: [ 'D:\Documentos 
Usuarios\QUIROSSV\OneDrive - Banco Central de Costa Rica\Escritorio\Capacitacion Cenfotec\codigo\Proyecto\kiro 
v3\clearhire-ats\tests\unit\components\Toast.test.tsx' ] }[39m
[31m[2mÔÄ»ÔÄ»ÔÄ»ÔÄ»ÔÄ»ÔÄ»ÔÄ»ÔÄ»ÔÄ»ÔÄ»ÔÄ»ÔÄ»ÔÄ»ÔÄ»ÔÄ»ÔÄ»ÔÄ»ÔÄ»ÔÄ»ÔÄ»ÔÄ»ÔÄ»ÔÄ»[6/24]ÔÄ»[22m[39m

[31m[1m[7m FAIL [27m[22m[39m tests/unit/components/Toast.test.tsx[2m > [22mToast[2m > [22mshould call 
onClose when close button is clicked
[31m[1mError[22m: Cannot find module '../../../src/components/core/Toast'
Require stack:
- D:\Documentos Usuarios\QUIROSSV\OneDrive - Banco Central de Costa Rica\Escritorio\Capacitacion 
Cenfotec\codigo\Proyecto\kiro v3\clearhire-ats\tests\unit\components\Toast.test.tsx[39m
[36m [2mÔØ»[22m tests/unit/components/Toast.test.tsx:[2m35:23[22m[39m
    [90m 33| [39m
    [90m 34| [39m  it('should call onClose when close button is clicked', () => {
    [90m 35| [39m    const { Toast } = require('../../../src/components/core/Toast');
    [90m   | [39m                      [31m^[39m
    [90m 36| [39m    render(<Toast message="Test message" onClose={mockOnClose} />);
    [90m 37| [39m

[31m[2mÔÄ»ÔÄ»ÔÄ»ÔÄ»ÔÄ»ÔÄ»ÔÄ»ÔÄ»ÔÄ»ÔÄ»ÔÄ»ÔÄ»ÔÄ»ÔÄ»ÔÄ»ÔÄ»ÔÄ»ÔÄ»ÔÄ»ÔÄ»ÔÄ»ÔÄ»ÔÄ»ÔÄ»ÔÄ»ÔÄ»ÔÄ»ÔÄ»ÔÄ»ÔÄ»[22m[39m
[31m[1mSerialized Error:[22m[39m [90m{ code: 'MODULE_NOT_FOUND', requireStack: [ 'D:\Documentos 
Usuarios\QUIROSSV\OneDrive - Banco Central de Costa Rica\Escritorio\Capacitacion Cenfotec\codigo\Proyecto\kiro 
v3\clearhire-ats\tests\unit\components\Toast.test.tsx' ] }[39m
[31m[2mÔÄ»ÔÄ»ÔÄ»ÔÄ»ÔÄ»ÔÄ»ÔÄ»ÔÄ»ÔÄ»ÔÄ»ÔÄ»ÔÄ»ÔÄ»ÔÄ»ÔÄ»ÔÄ»ÔÄ»ÔÄ»ÔÄ»ÔÄ»ÔÄ»ÔÄ»ÔÄ»[7/24]ÔÄ»[22m[39m

[31m[1m[7m FAIL [27m[22m[39m tests/unit/hooks/useAutoSave.test.ts[2m > [22museAutoSave[2m > [22mauto-save 
functionality[2m > [22mshould trigger save after delay when data changes
[31m[1m[7m FAIL [27m[22m[39m tests/unit/hooks/useAutoSave.test.ts[2m > [22museAutoSave[2m > [22mauto-save 
functionality[2m > [22mshould debounce multiple rapid changes
[31m[1m[7m FAIL [27m[22m[39m tests/unit/hooks/useAutoSave.test.ts[2m > [22museAutoSave[2m > [22msave status 
management[2m > [22mshould show saving status during save operation
[31m[1m[7m FAIL [27m[22m[39m tests/unit/hooks/useAutoSave.test.ts[2m > [22museAutoSave[2m > [22msave status 
management[2m > [22mshould show error status when save fails
[31m[1m[7m FAIL [27m[22m[39m tests/unit/hooks/useAutoSave.test.ts[2m > [22museAutoSave[2m > [22msave status 
management[2m > [22mshould auto-hide saved status after 3 seconds
[31m[1mError[22m: Test timed out in 15000ms.
If this is a long-running test, pass a timeout value as the last argument or configure it globally with 
"testTimeout".[39m
[31m[2mÔÄ»ÔÄ»ÔÄ»ÔÄ»ÔÄ»ÔÄ»ÔÄ»ÔÄ»ÔÄ»ÔÄ»ÔÄ»ÔÄ»ÔÄ»ÔÄ»ÔÄ»ÔÄ»ÔÄ»ÔÄ»ÔÄ»ÔÄ»ÔÄ»ÔÄ»ÔÄ»[8/24]ÔÄ»[22m[39m

[31m[1m[7m FAIL [27m[22m[39m tests/unit/hooks/useAutoSave.test.ts[2m > [22museAutoSave[2m > 
[22mforceSave[2m > [22mshould immediately trigger save when forceSave is called
[31m[1mAssertionError[22m: expected 'idle' to be 'saved' // Object.is equality[39m

- Expected
+ Received

- saved
+ idle

[36m [2mÔØ»[22m tests/unit/hooks/useAutoSave.test.ts:[2m250:41[22m[39m
    [90m248| [39m
    [90m249| [39m      expect(mockOnSave).toHaveBeenCalledWith({ test: 'data' });
    [90m250| [39m      expect(result.current.saveStatus).toBe('saved');
    [90m   | [39m                                        [31m^[39m
    [90m251| [39m    });
    [90m252| [39m

[31m[2mÔÄ»ÔÄ»ÔÄ»ÔÄ»ÔÄ»ÔÄ»ÔÄ»ÔÄ»ÔÄ»ÔÄ»ÔÄ»ÔÄ»ÔÄ»ÔÄ»ÔÄ»ÔÄ»ÔÄ»ÔÄ»ÔÄ»ÔÄ»ÔÄ»ÔÄ»ÔÄ»[9/24]ÔÄ»[22m[39m

[31m[1m[7m FAIL [27m[22m[39m tests/unit/hooks/useProfile.test.ts[2m > [22museProfile[2m > [22mInitial 
State[2m > [22mshould start with loading true and profile null
[31m[1mAssertionError[22m: expected false to be true // Object.is equality[39m

- Expected
+ Received

- true
+ false

[36m [2mÔØ»[22m tests/unit/hooks/useProfile.test.ts:[2m43:38[22m[39m
    [90m 41| [39m      const { result } = renderHook(() => useProfile())
    [90m 42| [39m      
    [90m 43| [39m      expect(result.current.loading).toBe(true)
    [90m   | [39m                                     [31m^[39m
    [90m 44| [39m      expect(result.current.profile).toBeNull()
    [90m 45| [39m      expect(result.current.error).toBeNull()

[31m[2mÔÄ»ÔÄ»ÔÄ»ÔÄ»ÔÄ»ÔÄ»ÔÄ»ÔÄ»ÔÄ»ÔÄ»ÔÄ»ÔÄ»ÔÄ»ÔÄ»ÔÄ»ÔÄ»ÔÄ»ÔÄ»ÔÄ»ÔÄ»ÔÄ»ÔÄ»[10/24]ÔÄ»[22m[39m

[31m[1m[7m FAIL [27m[22m[39m tests/unit/hooks/useProfile.test.ts[2m > [22museProfile[2m > [22mLoading 
Profile[2m > [22mshould load profile successfully
[31m[1mAssertionError[22m: expected null to deeply equal { personalInfo: { ÔÇª(5) }, ÔÇª(6) }[39m

- Expected: 
Object {
  "education": Array [
    Object {
      "degree": "Ingenier├¡a en Computaci├│n",
      "fieldOfStudy": "Computer Science",
      "graduationYear": "2021",
      "id": "edu-1",
      "institution": "Universidad de Costa Rica",
    },
  ],
  "experience": Array [
    Object {
      "company": "Tech Corp",
      "description": "Developed web applications using React and Node.js",
      "endDate": "2024-12-01",
      "id": "exp-1",
      "position": "Senior Developer",
      "startDate": "2022-01-01",
    },
  ],
  "languages": Array [
    Object {
      "language": "English",
      "proficiency": "Avanzado",
    },
  ],
  "personalInfo": Object {
    "country": "Costa Rica",
    "email": "juan@example.com",
    "firstName": "Juan",
    "lastName": "P├®rez",
    "phone": "+50612345678",
  },
  "references": Array [
    Object {
      "country": "Costa Rica",
      "email": "john@example.com",
      "id": "ref-1",
      "name": "John Doe",
      "phone": "+1234567890",
    },
  ],
  "softSkills": Array [
    "Teamwork",
    "Leadership",
    "Communication",
  ],
  "trade": "Software Development",
}

+ Received: 
null

[36m [2mÔØ»[22m tests/unit/hooks/useProfile.test.ts:[2m58:38[22m[39m
    [90m 56| [39m      })
    [90m 57| [39m      
    [90m 58| [39m      expect(result.current.profile).toEqual(mockProfile)
    [90m   | [39m                                     [31m^[39m
    [90m 59| [39m      expect(result.current.error).toBeNull()
    [90m 60| [39m      expect(mockDataService.getProfile).toHaveBeenCalledWith('test-usÔÇª

[31m[2mÔÄ»ÔÄ»ÔÄ»ÔÄ»ÔÄ»ÔÄ»ÔÄ»ÔÄ»ÔÄ»ÔÄ»ÔÄ»ÔÄ»ÔÄ»ÔÄ»ÔÄ»ÔÄ»ÔÄ»ÔÄ»ÔÄ»ÔÄ»ÔÄ»ÔÄ»[11/24]ÔÄ»[22m[39m

[31m[1m[7m FAIL [27m[22m[39m tests/unit/hooks/useProfile.test.ts[2m > [22museProfile[2m > [22mLoading 
Profile[2m > [22mshould handle loading errors
[31m[1mReferenceError[22m: mockDataService is not defined[39m
[36m [2mÔØ»[22m tests/unit/hooks/useProfile.test.ts:[2m65:7[22m[39m
    [90m 63| [39m    it('should handle loading errors', async () => {
    [90m 64| [39m      const error = new Error('Failed to load profile')
    [90m 65| [39m      mockDataService.getProfile.mockRejectedValue(error)
    [90m   | [39m      [31m^[39m
    [90m 66| [39m      
    [90m 67| [39m      const { result } = renderHook(() => useProfile())

[31m[2mÔÄ»ÔÄ»ÔÄ»ÔÄ»ÔÄ»ÔÄ»ÔÄ»ÔÄ»ÔÄ»ÔÄ»ÔÄ»ÔÄ»ÔÄ»ÔÄ»ÔÄ»ÔÄ»ÔÄ»ÔÄ»ÔÄ»ÔÄ»ÔÄ»ÔÄ»[12/24]ÔÄ»[22m[39m

[31m[1m[7m FAIL [27m[22m[39m tests/unit/hooks/useProfile.test.ts[2m > [22museProfile[2m > [22mLoading 
Profile[2m > [22mshould use mock-user when not in Supabase mode
[31m[1mReferenceError[22m: mockDataService is not defined[39m
[36m [2mÔØ»[22m tests/unit/hooks/useProfile.test.ts:[2m78:7[22m[39m
    [90m 76| [39m
    [90m 77| [39m    it('should use mock-user when not in Supabase mode', async () => {
    [90m 78| [39m      mockDataService.isSupabaseMode.mockReturnValue(false)
    [90m   | [39m      [31m^[39m
    [90m 79| [39m      
    [90m 80| [39m      const { result } = renderHook(() => useProfile())

[31mÔÄ»ÔÄ»ÔÄ»ÔÄ»ÔÄ»ÔÄ»[1m[7m Unhandled Errors [27m[22mÔÄ»ÔÄ»ÔÄ»ÔÄ»ÔÄ»ÔÄ»[39m
[31m[2mÔÄ»ÔÄ»ÔÄ»ÔÄ»ÔÄ»ÔÄ»ÔÄ»ÔÄ»ÔÄ»ÔÄ»ÔÄ»ÔÄ»ÔÄ»ÔÄ»ÔÄ»ÔÄ»ÔÄ»ÔÄ»ÔÄ»ÔÄ»ÔÄ»ÔÄ»[13/24]ÔÄ»[22m[39m

[31m[1m
Vitest caught 2 unhandled errors during the test run.
This might cause false positive tests. Resolve unhandled errors to make sure your tests are not affected.[22m[39m
[31m[1m[7m FAIL [27m[22m[39m tests/unit/hooks/useProfile.test.ts[2m > [22museProfile[2m > [22mSaving 
Profile[2m > [22mshould save profile successfully
[31m[1mError[22m: [vitest] No "isSupabaseConfigured" export is defined on the "../../../src/lib/supabase" mock. Did 
you forget to return it from "vi.mock"?
If you need to partially mock a module, you can use "vi.importActual" inside:

[32mvi.mock("../../../src/lib/supabase", async () => {
  const actual = await vi.importActual("../../../src/lib/supabase")
  return {
    ...actual,
    // your mocked methods
  },
})[31m
[39m
[36m [2mÔØ»[22m AuthService.isMockMode src/services/authService.ts:[2m177:41[22m[39m
    [90m175| [39m   */
    [90m176| [39m  isMockMode(): boolean {
    [90m177| [39m    return this.currentUser?.isMock || !isSupabaseConfigured();
    [90m   | [39m                                        [31m^[39m
    [90m178| [39m  }
    [90m179| [39m
[90m [2mÔØ»[22m Object.saveProfile src/hooks/useProfile.ts:[2m75:25[22m[39m
[90m [2mÔØ»[22m tests/unit/hooks/useProfile.test.ts:[2m108:30[22m[39m
[90m [2mÔØ»[22m node_modules/@testing-library/react/dist/act-compat.js:[2m48:24[22m[39m
[90m [2mÔØ»[22m act node_modules/react/cjs/react.development.js:[2m2512:16[22m[39m
[90m [2mÔØ»[22m node_modules/@testing-library/react/dist/act-compat.js:[2m47:25[22m[39m
[90m [2mÔØ»[22m tests/unit/hooks/useProfile.test.ts:[2m107:13[22m[39m

[31m[2mÔÄ»ÔÄ»ÔÄ»ÔÄ»ÔÄ»ÔÄ»ÔÄ»ÔÄ»ÔÄ»ÔÄ»ÔÄ»ÔÄ»ÔÄ»ÔÄ»ÔÄ»ÔÄ»ÔÄ»ÔÄ»ÔÄ»ÔÄ»ÔÄ»ÔÄ»[14/24]ÔÄ»[22m[39m

[31m[1m[7m FAIL [27m[22m[39m tests/unit/hooks/useProfile.test.ts[2m > [22museProfile[2m > [22mSaving 
Profile[2m > [22mshould handle save errors
[31m[1mReferenceError[22m: mockDataService is not defined[39m
[36m [2mÔØ»[22m tests/unit/hooks/useProfile.test.ts:[2m118:7[22m[39m
    [90m116| [39m    it('should handle save errors', async () => {
    [90m117| [39m      const error = new Error('Failed to save profile')
    [90m118| [39m      mockDataService.saveProfile.mockRejectedValue(error)
    [90m   | [39m      [31m^[39m
    [90m119| [39m      
    [90m120| [39m      const { result } = renderHook(() => useProfile())

[31m[2mÔÄ»ÔÄ»ÔÄ»ÔÄ»ÔÄ»ÔÄ»ÔÄ»ÔÄ»ÔÄ»ÔÄ»ÔÄ»ÔÄ»ÔÄ»ÔÄ»ÔÄ»ÔÄ»ÔÄ»ÔÄ»ÔÄ»ÔÄ»ÔÄ»ÔÄ»[15/24]ÔÄ»[22m[39m

[31m[1m[7m FAIL [27m[22m[39m tests/unit/hooks/useProfile.test.ts[2m > [22museProfile[2m > [22mSaving 
Profile[2m > [22mshould set saving state during save operation
[31m[1mReferenceError[22m: mockDataService is not defined[39m
[36m [2mÔØ»[22m tests/unit/hooks/useProfile.test.ts:[2m144:7[22m[39m
    [90m142| [39m        resolveSave = resolve
    [90m143| [39m      })
    [90m144| [39m      mockDataService.saveProfile.mockReturnValue(savePromise)
    [90m   | [39m      [31m^[39m
    [90m145| [39m      
    [90m146| [39m      const { result } = renderHook(() => useProfile())

[31m[2mÔÄ»ÔÄ»ÔÄ»ÔÄ»ÔÄ»ÔÄ»ÔÄ»ÔÄ»ÔÄ»ÔÄ»ÔÄ»ÔÄ»ÔÄ»ÔÄ»ÔÄ»ÔÄ»ÔÄ»ÔÄ»ÔÄ»ÔÄ»ÔÄ»ÔÄ»[16/24]ÔÄ»[22m[39m

[31m[1m[7m FAIL [27m[22m[39m tests/unit/hooks/useProfile.test.ts[2m > [22museProfile[2m > [22mUpdate 
Field[2m > [22mshould update specific field and save
[31m[1mReferenceError[22m: mockDataService is not defined[39m
[36m [2mÔØ»[22m tests/unit/hooks/useProfile.test.ts:[2m186:14[22m[39m
    [90m184| [39m      })
    [90m185| [39m      
    [90m186| [39m      expect(mockDataService.saveProfile).toHaveBeenCalledWith('test-uÔÇª
    [90m   | [39m             [31m^[39m
    [90m187| [39m        ...mockProfile,
    [90m188| [39m        trade: newTrade

[31m[2mÔÄ»ÔÄ»ÔÄ»ÔÄ»ÔÄ»ÔÄ»ÔÄ»ÔÄ»ÔÄ»ÔÄ»ÔÄ»ÔÄ»ÔÄ»ÔÄ»ÔÄ»ÔÄ»ÔÄ»ÔÄ»ÔÄ»ÔÄ»ÔÄ»ÔÄ»[17/24]ÔÄ»[22m[39m

[31m[1m[7m FAIL [27m[22m[39m tests/unit/hooks/useProfile.test.ts[2m > [22museProfile[2m > [22mUpdate 
Field[2m > [22mshould not update field when profile is null
[31m[1mReferenceError[22m: mockDataService is not defined[39m
[36m [2mÔØ»[22m tests/unit/hooks/useProfile.test.ts:[2m193:7[22m[39m
    [90m191| [39m
    [90m192| [39m    it('should not update field when profile is null', async () => {
    [90m193| [39m      mockDataService.getProfile.mockResolvedValue(null)
    [90m   | [39m      [31m^[39m
    [90m194| [39m      
    [90m195| [39m      const { result } = renderHook(() => useProfile())

[31m[2mÔÄ»ÔÄ»ÔÄ»ÔÄ»ÔÄ»ÔÄ»ÔÄ»ÔÄ»ÔÄ»ÔÄ»ÔÄ»ÔÄ»ÔÄ»ÔÄ»ÔÄ»ÔÄ»ÔÄ»ÔÄ»ÔÄ»ÔÄ»ÔÄ»ÔÄ»[18/24]ÔÄ»[22m[39m

[31m[1m[7m FAIL [27m[22m[39m tests/unit/hooks/useProfile.test.ts[2m > [22museProfile[2m > [22mReload[2m > 
[22mshould reload profile data
[31m[1mReferenceError[22m: mockDataService is not defined[39m
[36m [2mÔØ»[22m tests/unit/hooks/useProfile.test.ts:[2m219:7[22m[39m
    [90m217| [39m      
    [90m218| [39m      // Clear previous calls
    [90m219| [39m      mockDataService.getProfile.mockClear()
    [90m   | [39m      [31m^[39m
    [90m220| [39m      
    [90m221| [39m      await act(async () => {

[31m[2mÔÄ»ÔÄ»ÔÄ»ÔÄ»ÔÄ»ÔÄ»ÔÄ»ÔÄ»ÔÄ»ÔÄ»ÔÄ»ÔÄ»ÔÄ»ÔÄ»ÔÄ»ÔÄ»ÔÄ»ÔÄ»ÔÄ»ÔÄ»ÔÄ»ÔÄ»[19/24]ÔÄ»[22m[39m

[31m[1m[7m FAIL [27m[22m[39m tests/unit/hooks/useProfile.test.ts[2m > [22museProfile[2m > [22mError 
Handling[2m > [22mshould clear error on successful operations
[31m[1mReferenceError[22m: mockDataService is not defined[39m
[36m [2mÔØ»[22m tests/unit/hooks/useProfile.test.ts:[2m233:7[22m[39m
    [90m231| [39m      // First, cause an error
    [90m232| [39m      const error = new Error('Test error')
    [90m233| [39m      mockDataService.getProfile.mockRejectedValueOnce(error)
    [90m   | [39m      [31m^[39m
    [90m234| [39m      
    [90m235| [39m      const { result } = renderHook(() => useProfile())

[31m[2mÔÄ»ÔÄ»ÔÄ»ÔÄ»ÔÄ»ÔÄ»ÔÄ»ÔÄ»ÔÄ»ÔÄ»ÔÄ»ÔÄ»ÔÄ»ÔÄ»ÔÄ»ÔÄ»ÔÄ»ÔÄ»ÔÄ»ÔÄ»ÔÄ»ÔÄ»[20/24]ÔÄ»[22m[39m


[31mÔÄ»ÔÄ»ÔÄ»ÔÄ»[1m[7m Unhandled Rejection [27m[22mÔÄ»ÔÄ»ÔÄ»ÔÄ»ÔÄ»[39m
[31m[1mError[22m: Save failed[39m
[36m [2mÔØ»[22m tests/unit/hooks/useAutoSave.test.ts:[2m169:21[22m[39m
    [90m167| [39m
    [90m168| [39m    it('should show error status when save fails', async () => {
    [90m169| [39m      const error = new Error('Save failed');
    [90m   | [39m                    [31m^[39m
    [90m170| [39m      mockOnSave.mockRejectedValue(error);
    [90m171| [39m
[90m [2mÔØ»[22m ../../../../../../../../../Documentos%20Usuarios/QUIROSSV/OneDrive%20-%20Banco%20Central%20de%20Cost
a%20Rica/Escritorio/Capacitacion%20Cenfotec/codigo/Proyecto/kiro%20v3/clearhire-ats/node_modules/@vitest/runner/dist/in
dex.js:[2m135:14[22m[39m
[90m [2mÔØ»[22m ../../../../../../../../../Documentos%20Usuarios/QUIROSSV/OneDrive%20-%20Banco%20Central%20de%20Cost
a%20Rica/Escritorio/Capacitacion%20Cenfotec/codigo/Proyecto/kiro%20v3/clearhire-ats/node_modules/@vitest/runner/dist/in
dex.js:[2m58:26[22m[39m
[90m [2mÔØ»[22m runTest ../../../../../../../../../Documentos%20Usuarios/QUIROSSV/OneDrive%20-%20Banco%20Central%20d
e%20Costa%20Rica/Escritorio/Capacitacion%20Cenfotec/codigo/Proyecto/kiro%20v3/clearhire-ats/node_modules/@vitest/runner
/dist/index.js:[2m663:17[22m[39m
[90m [2mÔØ»[22m runSuite ../../../../../../../../../Documentos%20Usuarios/QUIROSSV/OneDrive%20-%20Banco%20Central%20
de%20Costa%20Rica/Escritorio/Capacitacion%20Cenfotec/codigo/Proyecto/kiro%20v3/clearhire-ats/node_modules/@vitest/runne
r/dist/index.js:[2m782:15[22m[39m
[90m [2mÔØ»[22m runSuite ../../../../../../../../../Documentos%20Usuarios/QUIROSSV/OneDrive%20-%20Banco%20Central%20
de%20Costa%20Rica/Escritorio/Capacitacion%20Cenfotec/codigo/Proyecto/kiro%20v3/clearhire-ats/node_modules/@vitest/runne
r/dist/index.js:[2m782:15[22m[39m
[90m [2mÔØ»[22m runSuite ../../../../../../../../../Documentos%20Usuarios/QUIROSSV/OneDrive%20-%20Banco%20Central%20
de%20Costa%20Rica/Escritorio/Capacitacion%20Cenfotec/codigo/Proyecto/kiro%20v3/clearhire-ats/node_modules/@vitest/runne
r/dist/index.js:[2m782:15[22m[39m
[90m [2mÔØ»[22m runFiles ../../../../../../../../../Documentos%20Usuarios/QUIROSSV/OneDrive%20-%20Banco%20Central%20
de%20Costa%20Rica/Escritorio/Capacitacion%20Cenfotec/codigo/Proyecto/kiro%20v3/clearhire-ats/node_modules/@vitest/runne
r/dist/index.js:[2m834:5[22m[39m
[90m [2mÔØ»[22m startTests ../../../../../../../../../Documentos%20Usuarios/QUIROSSV/OneDrive%20-%20Banco%20Central%
20de%20Costa%20Rica/Escritorio/Capacitacion%20Cenfotec/codigo/Proyecto/kiro%20v3/clearhire-ats/node_modules/@vitest/run
ner/dist/index.js:[2m843:3[22m[39m
[90m [2mÔØ»[22m ../../../../../../../../../Documentos%20Usuarios/QUIROSSV/OneDrive%20-%20Banco%20Central%20de%20Cost
a%20Rica/Escritorio/Capacitacion%20Cenfotec/codigo/Proyecto/kiro%20v3/clearhire-ats/node_modules/vitest/dist/entry.js:
[2m103:7[22m[39m

[31mThis error originated in "[1mtests/unit/hooks/useAutoSave.test.ts[22m" test file. It doesn't mean the error was 
thrown inside the file itself, but while it was running.[39m
[31mThe latest test that might've caused the error is "[1mshould show error status when save fails[22m". It might 
mean one of the following:
- The error was thrown, while Vitest was running this test.
- This was the last recorded test before the error was thrown, if error originated after test finished its 
execution.[39m

[31mÔÄ»ÔÄ»ÔÄ»ÔÄ»[1m[7m Unhandled Rejection [27m[22mÔÄ»ÔÄ»ÔÄ»ÔÄ»ÔÄ»[39m
[31m[1mError[22m: [vitest] No "isSupabaseConfigured" export is defined on the "../../../src/lib/supabase" mock. Did 
you forget to return it from "vi.mock"?
If you need to partially mock a module, you can use "vi.importActual" inside:

[32mvi.mock("../../../src/lib/supabase", async () => {
  const actual = await vi.importActual("../../../src/lib/supabase")
  return {
    ...actual,
    // your mocked methods
  },
})[31m
[39m
[90m [2mÔØ»[22m VitestMocker.createError ../../../../../../../../../Documentos%20Usuarios/QUIROSSV/OneDrive%20-%20Ba
nco%20Central%20de%20Costa%20Rica/Escritorio/Capacitacion%20Cenfotec/codigo/Proyecto/kiro%20v3/clearhire-ats/node_modul
es/vitest/dist/vendor-execute.07d1a420.js:[2m80:12[22m[39m
[31mÔÄ»ÔÄ»ÔÄ»ÔÄ»ÔÄ»ÔÄ»ÔÄ»ÔÄ»ÔÄ»ÔÄ»ÔÄ»ÔÄ»ÔÄ»ÔÄ»ÔÄ»ÔÄ»ÔÄ»ÔÄ»ÔÄ»ÔÄ»ÔÄ»ÔÄ»ÔÄ»ÔÄ»ÔÄ»ÔÄ»ÔÄ»ÔÄ»ÔÄ»ÔÄ»[39m
[2m Test Files [22m [1m[31m8 failed[39m[22m[2m | [22m[1m[32m2 passed[39m[22m[90m (10)[39m
[2m      Tests [22m [1m[31m20 failed[39m[22m[2m | [22m[1m[32m22 passed[39m[22m[90m (42)[39m
[2m     Errors [22m [1m[31m2 errors[39m[22m
[2m   Start at [22m 09:42:44
[2m   Duration [22m 77.25s[2m (transform 404ms, setup 376ms, collect 538ms, tests 75.18s, environment 476ms, prepare 166ms)[22m

[90m [2mÔØ»[22m Object.get ../../../../../../../../../Documentos%20Usuarios/QUIROSSV/OneDrive%20-%20Banco%20Central%
20de%20Costa%20Rica/Escritorio/Capacitacion%20Cenfotec/codigo/Proyecto/kiro%20v3/clearhire-ats/node_modules/vitest/dist
/vendor-execute.07d1a420.js:[2m153:22[22m[39m
[36m [2mÔØ»[22m AuthService.initializeAuth src/services/authService.ts:[2m27:10[22m[39m
    [90m 25| [39m   */
    [90m 26| [39m  private async initializeAuth() {
    [90m 27| [39m    if (!isSupabaseConfigured()) {
    [90m   | [39m         [31m^[39m
    [90m 28| [39m      console.log('­ƒôª Modo mock activado: Creando usuario mock');
    [90m 29| [39m      this.setCurrentUser({
[90m [2mÔØ»[22m new AuthService src/services/authService.ts:[2m20:10[22m[39m
[90m [2mÔØ»[22m src/services/authService.ts:[2m313:28[22m[39m
[90m [2mÔØ»[22m processTicksAndRejections node:internal/process/task_queues:[2m96:5[22m[39m
[90m [2mÔØ»[22m VitestExecutor.runModule ../../../../../../../../../Documentos%20Usuarios/QUIROSSV/OneDrive%20-%20Ba
nco%20Central%20de%20Costa%20Rica/Escritorio/Capacitacion%20Cenfotec/codigo/Proyecto/kiro%20v3/clearhire-ats/node_modul
es/vite-node/dist/client.mjs:[2m342:5[22m[39m
[90m [2mÔØ»[22m VitestExecutor.directRequest ../../../../../../../../../Documentos%20Usuarios/QUIROSSV/OneDrive%20-%
20Banco%20Central%20de%20Costa%20Rica/Escritorio/Capacitacion%20Cenfotec/codigo/Proyecto/kiro%20v3/clearhire-ats/node_m
odules/vite-node/dist/client.mjs:[2m326:5[22m[39m
[90m [2mÔØ»[22m VitestExecutor.cachedRequest ../../../../../../../../../Documentos%20Usuarios/QUIROSSV/OneDrive%20-%
20Banco%20Central%20de%20Costa%20Rica/Escritorio/Capacitacion%20Cenfotec/codigo/Proyecto/kiro%20v3/clearhire-ats/node_m
odules/vite-node/dist/client.mjs:[2m189:14[22m[39m
[90m [2mÔØ»[22m VitestExecutor.dependencyRequest ../../../../../../../../../Documentos%20Usuarios/QUIROSSV/OneDrive%
20-%20Banco%20Central%20de%20Costa%20Rica/Escritorio/Capacitacion%20Cenfotec/codigo/Proyecto/kiro%20v3/clearhire-ats/no
de_modules/vite-node/dist/client.mjs:[2m223:12[22m[39m

[31mThis error originated in "[1mtests/unit/hooks/useProfile.test.ts[22m" test file. It doesn't mean the error was 
thrown inside the file itself, but while it was running.[39m

